warning: `VIRTUAL_ENV=C:\Users\maison info\Desktop\MATH\.venv` does not match the project environment path `.venv` and will be ignored; use `--active` to target the active environment instead
2026-10-02 19:35:21,561 INFO sqlalchemy.engine.Engine select pg_catalog.version()
2026-10-02 19:35:21,561 INFO sqlalchemy.engine.Engine [raw sql] ()
2026-10-02 19:35:21,577 INFO sqlalchemy.engine.Engine select current_schema()
2026-10-02 19:35:21,577 INFO sqlalchemy.engine.Engine [raw sql] ()
2026-10-02 19:35:21,582 INFO sqlalchemy.engine.Engine show standard_conforming_strings
2026-10-02 19:35:21,582 INFO sqlalchemy.engine.Engine [raw sql] ()
2026-10-02 19:35:21,582 INFO sqlalchemy.engine.Engine BEGIN (implicit)
2026-10-02 19:35:21,582 INFO sqlalchemy.engine.Engine DELETE FROM document_chunk WHERE document_chunk.document_id = $1::UUID
2026-10-02 19:35:21,582 INFO sqlalchemy.engine.Engine [generated in 0.00039s] ('86a289d9-1967-46fd-bf95-b5b7d5a38563',)
2026-10-02 19:35:21,608 INFO sqlalchemy.engine.Engine DELETE FROM document_parent_chunk WHERE document_parent_chunk.document_id = $1::UUID
2026-10-02 19:35:21,608 INFO sqlalchemy.engine.Engine [generated in 0.00021s] ('86a289d9-1967-46fd-bf95-b5b7d5a38563',)
2026-10-02 19:35:21,641 INFO sqlalchemy.engine.Engine DELETE FROM chapter_part WHERE chapter_part.document_id = $1::UUID
2026-10-02 19:35:21,641 INFO sqlalchemy.engine.Engine [generated in 0.00020s] ('86a289d9-1967-46fd-bf95-b5b7d5a38563',)
2026-10-02 19:35:21,648 INFO sqlalchemy.engine.Engine DELETE FROM documents WHERE documents.id = $1::UUID
2026-10-02 19:35:21,648 INFO sqlalchemy.engine.Engine [generated in 0.00022s] ('86a289d9-1967-46fd-bf95-b5b7d5a38563',)
2026-10-02 19:35:21,648 INFO sqlalchemy.engine.Engine COMMIT
2026-10-02 19:35:21,656 INFO sqlalchemy.engine.Engine BEGIN (implicit)
2026-10-02 19:35:21,656 INFO sqlalchemy.engine.Engine SELECT documents.id, documents.title, documents.file_path, documents.status, documents.parsed_markdown, documents.created_at 
FROM documents
2026-10-02 19:35:21,656 INFO sqlalchemy.engine.Engine [generated in 0.00017s] ()
2026-10-02 19:35:21,671 INFO sqlalchemy.engine.Engine ROLLBACK
