warning: `VIRTUAL_ENV=C:\Users\maison info\Desktop\MATH\.venv` does not match the project environment path `.venv` and will be ignored; use `--active` to target the active environment instead
2026-10-02 19:44:53,130 INFO sqlalchemy.engine.Engine select pg_catalog.version()
2026-10-02 19:44:53,130 INFO sqlalchemy.engine.Engine [raw sql] ()
2026-10-02 19:44:53,140 INFO sqlalchemy.engine.Engine select current_schema()
2026-10-02 19:44:53,140 INFO sqlalchemy.engine.Engine [raw sql] ()
2026-10-02 19:44:53,146 INFO sqlalchemy.engine.Engine show standard_conforming_strings
2026-10-02 19:44:53,146 INFO sqlalchemy.engine.Engine [raw sql] ()
2026-10-02 19:44:53,146 INFO sqlalchemy.engine.Engine BEGIN (implicit)
2026-10-02 19:44:53,157 INFO sqlalchemy.engine.Engine SELECT conversation.id 
FROM conversation 
WHERE conversation.document_id = $1::UUID
2026-10-02 19:44:53,157 INFO sqlalchemy.engine.Engine [generated in 0.00048s] ('69bcf8d2-8c81-4325-b3f9-4109191599e2',)
2026-10-02 19:44:53,163 INFO sqlalchemy.engine.Engine DELETE FROM message WHERE message.conversation_id IN ($1::UUID, $2::UUID)
2026-10-02 19:44:53,163 INFO sqlalchemy.engine.Engine [generated in 0.00035s] (UUID('2f85637e-6284-424c-aa5e-fdd7940f4f28'), UUID('606adbd8-fb2e-4b9e-b085-f976badb3f02'))
2026-10-02 19:44:53,170 INFO sqlalchemy.engine.Engine DELETE FROM conversation WHERE conversation.id IN ($1::UUID, $2::UUID)
2026-10-02 19:44:53,170 INFO sqlalchemy.engine.Engine [generated in 0.00023s] (UUID('2f85637e-6284-424c-aa5e-fdd7940f4f28'), UUID('606adbd8-fb2e-4b9e-b085-f976badb3f02'))
2026-10-02 19:44:53,179 INFO sqlalchemy.engine.Engine DELETE FROM document_chunk WHERE document_chunk.document_id = $1::UUID
2026-10-02 19:44:53,179 INFO sqlalchemy.engine.Engine [generated in 0.00019s] ('69bcf8d2-8c81-4325-b3f9-4109191599e2',)
2026-10-02 19:44:53,186 INFO sqlalchemy.engine.Engine DELETE FROM document_parent_chunk WHERE document_parent_chunk.document_id = $1::UUID
2026-10-02 19:44:53,186 INFO sqlalchemy.engine.Engine [generated in 0.00019s] ('69bcf8d2-8c81-4325-b3f9-4109191599e2',)
2026-10-02 19:44:53,194 INFO sqlalchemy.engine.Engine DELETE FROM chapter_part WHERE chapter_part.document_id = $1::UUID
2026-10-02 19:44:53,194 INFO sqlalchemy.engine.Engine [generated in 0.00017s] ('69bcf8d2-8c81-4325-b3f9-4109191599e2',)
2026-10-02 19:44:53,194 INFO sqlalchemy.engine.Engine DELETE FROM documents WHERE documents.id = $1::UUID
2026-10-02 19:44:53,202 INFO sqlalchemy.engine.Engine [generated in 0.00017s] ('69bcf8d2-8c81-4325-b3f9-4109191599e2',)
2026-10-02 19:44:53,202 INFO sqlalchemy.engine.Engine SELECT conversation.id 
FROM conversation 
WHERE conversation.document_id = $1::UUID
2026-10-02 19:44:53,202 INFO sqlalchemy.engine.Engine [cached since 0.0492s ago] ('99563cb9-2e46-4cb7-b7bd-08ca949a0332',)
2026-10-02 19:44:53,202 INFO sqlalchemy.engine.Engine DELETE FROM document_chunk WHERE document_chunk.document_id = $1::UUID
2026-10-02 19:44:53,202 INFO sqlalchemy.engine.Engine [cached since 0.02706s ago] ('99563cb9-2e46-4cb7-b7bd-08ca949a0332',)
2026-10-02 19:44:53,211 INFO sqlalchemy.engine.Engine DELETE FROM document_parent_chunk WHERE document_parent_chunk.document_id = $1::UUID
2026-10-02 19:44:53,211 INFO sqlalchemy.engine.Engine [cached since 0.02344s ago] ('99563cb9-2e46-4cb7-b7bd-08ca949a0332',)
2026-10-02 19:44:53,216 INFO sqlalchemy.engine.Engine DELETE FROM chapter_part WHERE chapter_part.document_id = $1::UUID
2026-10-02 19:44:53,216 INFO sqlalchemy.engine.Engine [cached since 0.02053s ago] ('99563cb9-2e46-4cb7-b7bd-08ca949a0332',)
2026-10-02 19:44:53,216 INFO sqlalchemy.engine.Engine DELETE FROM documents WHERE documents.id = $1::UUID
2026-10-02 19:44:53,216 INFO sqlalchemy.engine.Engine [cached since 0.01661s ago] ('99563cb9-2e46-4cb7-b7bd-08ca949a0332',)
2026-10-02 19:44:53,216 INFO sqlalchemy.engine.Engine COMMIT
2026-10-02 19:44:53,233 INFO sqlalchemy.engine.Engine BEGIN (implicit)
2026-10-02 19:44:53,233 INFO sqlalchemy.engine.Engine SELECT documents.id, documents.title, documents.file_path, documents.status, documents.parsed_markdown, documents.created_at 
FROM documents
2026-10-02 19:44:53,233 INFO sqlalchemy.engine.Engine [generated in 0.00020s] ()
2026-10-02 19:44:53,243 INFO sqlalchemy.engine.Engine ROLLBACK
