warning: `VIRTUAL_ENV=C:\Users\maison info\Desktop\MATH\.venv` does not match the project environment path `.venv` and will be ignored; use `--active` to target the active environment instead
2026-10-02 23:20:25,837 INFO sqlalchemy.engine.Engine select pg_catalog.version()
2026-10-02 23:20:25,838 INFO sqlalchemy.engine.Engine [raw sql] ()
2026-10-02 23:20:25,841 INFO sqlalchemy.engine.Engine select current_schema()
2026-10-02 23:20:25,841 INFO sqlalchemy.engine.Engine [raw sql] ()
2026-10-02 23:20:25,845 INFO sqlalchemy.engine.Engine show standard_conforming_strings
2026-10-02 23:20:25,845 INFO sqlalchemy.engine.Engine [raw sql] ()
2026-10-02 23:20:25,847 INFO sqlalchemy.engine.Engine BEGIN (implicit)
2026-10-02 23:20:25,854 INFO sqlalchemy.engine.Engine SELECT documents.id, documents.title, documents.file_path, documents.status, documents.parsed_markdown, documents.created_at 
FROM documents 
WHERE documents.id = $1::UUID
2026-10-02 23:20:25,855 INFO sqlalchemy.engine.Engine [generated in 0.00046s] ('ed62ca38-0eaf-4636-b5f4-a667c61ba3de',)
  [warn] oversized parent (Exemple None, 2796 tokens) — splitting as a safety net. This usually means HEADING_PATTERN missed real headings nearby.
  [warn] oversized parent (Exercice 2.8, 2201 tokens) — splitting as a safety net. This usually means HEADING_PATTERN missed real headings nearby.
2026-10-02 23:20:26,003 INFO sqlalchemy.engine.Engine SELECT documents.id, documents.title, documents.file_path, documents.status, documents.parsed_markdown, documents.created_at 
FROM documents 
WHERE documents.id = $1::UUID
2026-10-02 23:20:26,003 INFO sqlalchemy.engine.Engine [cached since 0.148s ago] ('323cec78-a770-40eb-9ed4-ac825a137e0e',)
  [warn] oversized parent (Proposition 5, 2309 tokens) — splitting as a safety net. This usually means HEADING_PATTERN missed real headings nearby.
  [warn] oversized parent (Exercice 13, 1600 tokens) — splitting as a safety net. This usually means HEADING_PATTERN missed real headings nearby.
  [warn] oversized parent (Exercice 4.3, 1636 tokens) — splitting as a safety net. This usually means HEADING_PATTERN missed real headings nearby.
  [warn] oversized parent (Exercice 4.7, 1909 tokens) — splitting as a safety net. This usually means HEADING_PATTERN missed real headings nearby.
  [warn] oversized parent (Exercice 4.8, 1955 tokens) — splitting as a safety net. This usually means HEADING_PATTERN missed real headings nearby.
2026-10-02 23:20:26,089 INFO sqlalchemy.engine.Engine ROLLBACK
