warning: `VIRTUAL_ENV=C:\Users\maison info\Desktop\MATH\.venv` does not match the project environment path `.venv` and will be ignored; use `--active` to target the active environment instead
2026-10-02 23:30:24,685 INFO sqlalchemy.engine.Engine select pg_catalog.version()
2026-10-02 23:30:24,686 INFO sqlalchemy.engine.Engine [raw sql] ()
2026-10-02 23:30:24,695 INFO sqlalchemy.engine.Engine select current_schema()
2026-10-02 23:30:24,695 INFO sqlalchemy.engine.Engine [raw sql] ()
2026-10-02 23:30:24,702 INFO sqlalchemy.engine.Engine show standard_conforming_strings
2026-10-02 23:30:24,702 INFO sqlalchemy.engine.Engine [raw sql] ()
2026-10-02 23:30:24,709 INFO sqlalchemy.engine.Engine BEGIN (implicit)
2026-10-02 23:30:24,730 INFO sqlalchemy.engine.Engine SELECT conversation.id 
FROM conversation 
WHERE conversation.document_id = $1::UUID
2026-10-02 23:30:24,732 INFO sqlalchemy.engine.Engine [generated in 0.00076s] ('ed62ca38-0eaf-4636-b5f4-a667c61ba3de',)
2026-10-02 23:30:24,753 INFO sqlalchemy.engine.Engine DELETE FROM document_chunk WHERE document_chunk.document_id = $1::UUID
2026-10-02 23:30:24,753 INFO sqlalchemy.engine.Engine [generated in 0.00035s] ('ed62ca38-0eaf-4636-b5f4-a667c61ba3de',)
2026-10-02 23:30:24,787 INFO sqlalchemy.engine.Engine DELETE FROM document_parent_chunk WHERE document_parent_chunk.document_id = $1::UUID
2026-10-02 23:30:24,787 INFO sqlalchemy.engine.Engine [generated in 0.00034s] ('ed62ca38-0eaf-4636-b5f4-a667c61ba3de',)
2026-10-02 23:30:24,816 INFO sqlalchemy.engine.Engine DELETE FROM chapter_part WHERE chapter_part.document_id = $1::UUID
2026-10-02 23:30:24,816 INFO sqlalchemy.engine.Engine [generated in 0.00057s] ('ed62ca38-0eaf-4636-b5f4-a667c61ba3de',)
2026-10-02 23:30:24,829 INFO sqlalchemy.engine.Engine DELETE FROM documents WHERE documents.id = $1::UUID
2026-10-02 23:30:24,829 INFO sqlalchemy.engine.Engine [generated in 0.00030s] ('ed62ca38-0eaf-4636-b5f4-a667c61ba3de',)
2026-10-02 23:30:24,844 INFO sqlalchemy.engine.Engine SELECT conversation.id 
FROM conversation 
WHERE conversation.document_id = $1::UUID
2026-10-02 23:30:24,844 INFO sqlalchemy.engine.Engine [cached since 0.1127s ago] ('323cec78-a770-40eb-9ed4-ac825a137e0e',)
2026-10-02 23:30:24,847 INFO sqlalchemy.engine.Engine DELETE FROM document_chunk WHERE document_chunk.document_id = $1::UUID
2026-10-02 23:30:24,847 INFO sqlalchemy.engine.Engine [cached since 0.09413s ago] ('323cec78-a770-40eb-9ed4-ac825a137e0e',)
2026-10-02 23:30:24,884 INFO sqlalchemy.engine.Engine DELETE FROM document_parent_chunk WHERE document_parent_chunk.document_id = $1::UUID
2026-10-02 23:30:24,885 INFO sqlalchemy.engine.Engine [cached since 0.09844s ago] ('323cec78-a770-40eb-9ed4-ac825a137e0e',)
2026-10-02 23:30:24,906 INFO sqlalchemy.engine.Engine DELETE FROM chapter_part WHERE chapter_part.document_id = $1::UUID
2026-10-02 23:30:24,907 INFO sqlalchemy.engine.Engine [cached since 0.091s ago] ('323cec78-a770-40eb-9ed4-ac825a137e0e',)
2026-10-02 23:30:24,912 INFO sqlalchemy.engine.Engine DELETE FROM documents WHERE documents.id = $1::UUID
2026-10-02 23:30:24,912 INFO sqlalchemy.engine.Engine [cached since 0.08381s ago] ('323cec78-a770-40eb-9ed4-ac825a137e0e',)
2026-10-02 23:30:24,919 INFO sqlalchemy.engine.Engine COMMIT
2026-10-02 23:30:24,948 INFO sqlalchemy.engine.Engine BEGIN (implicit)
2026-10-02 23:30:24,950 INFO sqlalchemy.engine.Engine SELECT documents.id, documents.title, documents.file_path, documents.status, documents.parsed_markdown, documents.created_at 
FROM documents
2026-10-02 23:30:24,950 INFO sqlalchemy.engine.Engine [generated in 0.00029s] ()
2026-10-02 23:30:24,977 INFO sqlalchemy.engine.Engine ROLLBACK
