warning: `VIRTUAL_ENV=C:\Users\maison info\Desktop\MATH\.venv` does not match the project environment path `.venv` and will be ignored; use `--active` to target the active environment instead
2026-10-02 14:07:17,318 INFO sqlalchemy.engine.Engine select pg_catalog.version()
2026-10-02 14:07:17,319 INFO sqlalchemy.engine.Engine [raw sql] ()
2026-10-02 14:07:17,324 INFO sqlalchemy.engine.Engine select current_schema()
2026-10-02 14:07:17,324 INFO sqlalchemy.engine.Engine [raw sql] ()
2026-10-02 14:07:17,330 INFO sqlalchemy.engine.Engine show standard_conforming_strings
2026-10-02 14:07:17,331 INFO sqlalchemy.engine.Engine [raw sql] ()
2026-10-02 14:07:17,335 INFO sqlalchemy.engine.Engine BEGIN (implicit)
2026-10-02 14:07:17,354 INFO sqlalchemy.engine.Engine SELECT documents.id, documents.title, documents.file_path, documents.status, documents.parsed_markdown, documents.created_at 
FROM documents
2026-10-02 14:07:17,355 INFO sqlalchemy.engine.Engine [generated in 0.00083s] ()
2026-10-02 14:07:17,383 INFO sqlalchemy.engine.Engine SELECT chapter_part.id, chapter_part.document_id, chapter_part.title, chapter_part.order_index 
FROM chapter_part 
WHERE chapter_part.document_id = $1::UUID ORDER BY chapter_part.order_index
2026-10-02 14:07:17,383 INFO sqlalchemy.engine.Engine [generated in 0.00070s] (UUID('69bcf8d2-8c81-4325-b3f9-4109191599e2'),)
2026-10-02 14:07:17,393 INFO sqlalchemy.engine.Engine SELECT count(*) AS count_1 
FROM document_parent_chunk 
WHERE document_parent_chunk.part_id = $1::UUID
2026-10-02 14:07:17,393 INFO sqlalchemy.engine.Engine [generated in 0.00047s] (UUID('7e7220ca-e62e-47f6-8ddf-f8b5d5f61bb3'),)
2026-10-02 14:07:17,402 INFO sqlalchemy.engine.Engine SELECT count(*) AS count_1 
FROM document_parent_chunk 
WHERE document_parent_chunk.part_id = $1::UUID
2026-10-02 14:07:17,402 INFO sqlalchemy.engine.Engine [cached since 0.008946s ago] (UUID('3840e206-054a-44d8-95ac-b75ee3c6e995'),)
2026-10-02 14:07:17,406 INFO sqlalchemy.engine.Engine SELECT count(*) AS count_1 
FROM document_parent_chunk 
WHERE document_parent_chunk.part_id = $1::UUID
2026-10-02 14:07:17,406 INFO sqlalchemy.engine.Engine [cached since 0.01314s ago] (UUID('155f3544-784a-4ce3-a96a-62b07ec9f396'),)
2026-10-02 14:07:17,409 INFO sqlalchemy.engine.Engine SELECT count(*) AS count_1 
FROM document_parent_chunk 
WHERE document_parent_chunk.part_id = $1::UUID
2026-10-02 14:07:17,410 INFO sqlalchemy.engine.Engine [cached since 0.01688s ago] (UUID('58d2adc2-e081-4ce9-9303-b16a275a1a64'),)
2026-10-02 14:07:17,412 INFO sqlalchemy.engine.Engine SELECT count(*) AS count_1 
FROM document_parent_chunk 
WHERE document_parent_chunk.part_id = $1::UUID
2026-10-02 14:07:17,413 INFO sqlalchemy.engine.Engine [cached since 0.02036s ago] (UUID('07b2ea8e-7419-419d-9766-a318932abe97'),)
2026-10-02 14:07:17,416 INFO sqlalchemy.engine.Engine SELECT count(*) AS count_1 
FROM document_parent_chunk 
WHERE document_parent_chunk.document_id = $1::UUID AND document_parent_chunk.part_id IS NULL
2026-10-02 14:07:17,416 INFO sqlalchemy.engine.Engine [generated in 0.00029s] (UUID('69bcf8d2-8c81-4325-b3f9-4109191599e2'),)
2026-10-02 14:07:17,420 INFO sqlalchemy.engine.Engine SELECT chapter_part.id, chapter_part.document_id, chapter_part.title, chapter_part.order_index 
FROM chapter_part 
WHERE chapter_part.document_id = $1::UUID ORDER BY chapter_part.order_index
2026-10-02 14:07:17,420 INFO sqlalchemy.engine.Engine [cached since 0.03753s ago] (UUID('99563cb9-2e46-4cb7-b7bd-08ca949a0332'),)
2026-10-02 14:07:17,422 INFO sqlalchemy.engine.Engine SELECT count(*) AS count_1 
FROM document_parent_chunk 
WHERE document_parent_chunk.part_id = $1::UUID
2026-10-02 14:07:17,422 INFO sqlalchemy.engine.Engine [cached since 0.03004s ago] (UUID('d9050714-5386-4e97-a9d9-11ec02e60d2a'),)
2026-10-02 14:07:17,425 INFO sqlalchemy.engine.Engine SELECT count(*) AS count_1 
FROM document_parent_chunk 
WHERE document_parent_chunk.part_id = $1::UUID
2026-10-02 14:07:17,425 INFO sqlalchemy.engine.Engine [cached since 0.03278s ago] (UUID('393a5e56-ab6e-414d-92c5-4daaddf21153'),)
2026-10-02 14:07:17,428 INFO sqlalchemy.engine.Engine SELECT count(*) AS count_1 
FROM document_parent_chunk 
WHERE document_parent_chunk.part_id = $1::UUID
2026-10-02 14:07:17,428 INFO sqlalchemy.engine.Engine [cached since 0.03559s ago] (UUID('d119b3a3-af55-402a-80c9-d46cee3f2f08'),)
2026-10-02 14:07:17,431 INFO sqlalchemy.engine.Engine SELECT count(*) AS count_1 
FROM document_parent_chunk 
WHERE document_parent_chunk.part_id = $1::UUID
2026-10-02 14:07:17,431 INFO sqlalchemy.engine.Engine [cached since 0.03857s ago] (UUID('6297a13a-37f9-42af-a926-9948349de33a'),)
2026-10-02 14:07:17,436 INFO sqlalchemy.engine.Engine SELECT count(*) AS count_1 
FROM document_parent_chunk 
WHERE document_parent_chunk.document_id = $1::UUID AND document_parent_chunk.part_id IS NULL
2026-10-02 14:07:17,436 INFO sqlalchemy.engine.Engine [cached since 0.01964s ago] (UUID('99563cb9-2e46-4cb7-b7bd-08ca949a0332'),)
2026-10-02 14:07:17,440 INFO sqlalchemy.engine.Engine SELECT chapter_part.id, chapter_part.document_id, chapter_part.title, chapter_part.order_index 
FROM chapter_part 
WHERE chapter_part.document_id = $1::UUID ORDER BY chapter_part.order_index
2026-10-02 14:07:17,440 INFO sqlalchemy.engine.Engine [cached since 0.05723s ago] (UUID('86a289d9-1967-46fd-bf95-b5b7d5a38563'),)
2026-10-02 14:07:17,443 INFO sqlalchemy.engine.Engine SELECT count(*) AS count_1 
FROM document_parent_chunk 
WHERE document_parent_chunk.part_id = $1::UUID
2026-10-02 14:07:17,443 INFO sqlalchemy.engine.Engine [cached since 0.05021s ago] (UUID('7a93d76a-8831-46c8-b6b2-1e99ae04d259'),)
2026-10-02 14:07:17,445 INFO sqlalchemy.engine.Engine SELECT count(*) AS count_1 
FROM document_parent_chunk 
WHERE document_parent_chunk.part_id = $1::UUID
2026-10-02 14:07:17,446 INFO sqlalchemy.engine.Engine [cached since 0.0531s ago] (UUID('35910488-6895-4442-8cdb-4ad26b17beaf'),)
2026-10-02 14:07:17,448 INFO sqlalchemy.engine.Engine SELECT count(*) AS count_1 
FROM document_parent_chunk 
WHERE document_parent_chunk.part_id = $1::UUID
2026-10-02 14:07:17,448 INFO sqlalchemy.engine.Engine [cached since 0.05574s ago] (UUID('10da79c4-ee4d-4ac6-ab68-b0b58650818c'),)
2026-10-02 14:07:17,451 INFO sqlalchemy.engine.Engine SELECT count(*) AS count_1 
FROM document_parent_chunk 
WHERE document_parent_chunk.part_id = $1::UUID
2026-10-02 14:07:17,451 INFO sqlalchemy.engine.Engine [cached since 0.05831s ago] (UUID('51c83460-dd3c-4225-93f6-fb99d09deac0'),)
2026-10-02 14:07:17,453 INFO sqlalchemy.engine.Engine SELECT count(*) AS count_1 
FROM document_parent_chunk 
WHERE document_parent_chunk.part_id = $1::UUID
2026-10-02 14:07:17,453 INFO sqlalchemy.engine.Engine [cached since 0.06078s ago] (UUID('0cb96c38-eefe-415a-a56c-ee9a493829b3'),)
2026-10-02 14:07:17,456 INFO sqlalchemy.engine.Engine SELECT count(*) AS count_1 
FROM document_parent_chunk 
WHERE document_parent_chunk.document_id = $1::UUID AND document_parent_chunk.part_id IS NULL
2026-10-02 14:07:17,456 INFO sqlalchemy.engine.Engine [cached since 0.03992s ago] (UUID('86a289d9-1967-46fd-bf95-b5b7d5a38563'),)
2026-10-02 14:07:17,459 INFO sqlalchemy.engine.Engine ROLLBACK
